// Jest Snapshot v1, https://goo.gl/fbAQLP

exports[`Favorites page renders correctly 1`] = `
<div
  class="container"
>
  <header
    class="sc-hKFyIo jcdTAl"
  >
    <div
      class="sc-eCApGN hCdAiT"
    >
      <div
        class="sc-jSFkmK qmXvl"
      >
        <a
          class="sc-gKAblj iUhdyg"
          href="/"
        >
          Home
        </a>
      </div>
      <div
        class="sc-jSFkmK qmXvl"
      >
        <a
          class="sc-gKAblj iUhdyg"
          href="/favorites"
        >
          Favorites
        </a>
      </div>
      <div
        class="sc-jSFkmK qmXvl"
      >
        <form
          class="sc-bdnylx hYwFxl"
        >
          <img
            alt="magnifying lens"
            class="sc-dlnjPT dGgzTM"
            src="search-24px.svg"
          />
          <input
            class="sc-gtssRu fkigkU"
            placeholder="Search..."
            type="text"
            value="test"
          />
        </form>
      </div>
    </div>
    <div
      class="sc-eCApGN hCdAiT"
    >
      <div
        class="sc-jSFkmK qmXvl"
      >
        <button
          class="sc-iCoHVE kHdmrf"
        >
          Log out
        </button>
      </div>
      <div
        class="sc-jSFkmK qmXvl"
      >
        <img
          alt="person"
          class="sc-fujyUd hfIOzZ"
          src="person-24px.svg"
        />
      </div>
    </div>
  </header>
  <div
    class="content"
  >
    <div
      class="sc-bqGHjH fyLfWx"
    >
      <div
        class="sc-jrsJCI hISZqV"
      >
        <a
          class="sc-kEqYlL dOZYvC"
          href="/video/YNZmZ4ARr38"
        >
          <img
            alt="Thumbnail, no description available"
            class="sc-iqAbSa dnQfbv"
            src="https://i.ytimg.com/vi/YNZmZ4ARr38/mqdefault.jpg"
          />
        </a>
        <button
          class="sc-pNWxx diBcka"
        >
          Remove from
           favorites
        </button>
        <a
          class="sc-kEqYlL dOZYvC"
          href="/video/YNZmZ4ARr38"
        >
          <h2
            class="sc-crzoUp hrKUm"
          >
            Shrek Forever After (2010) - Daddy Ever After Scene (2/10) | Movieclips
          </h2>
          <p
            class="sc-dIsAE xqXss"
          >
            Shrek Forever After - Daddy Ever After: Shrek (Mike Myers) begins to feel the monotony of family life with Donkey (Eddie Murphy) and Fiona (Cameron Diaz).
          </p>
        </a>
      </div>
      <div
        class="sc-jrsJCI hISZqV"
      >
        <a
          class="sc-kEqYlL dOZYvC"
          href="/video/0L1sL54G45Q"
        >
          <img
            alt="Thumbnail, no description available"
            class="sc-iqAbSa dnQfbv"
            src="https://i.ytimg.com/vi/0L1sL54G45Q/mqdefault.jpg"
          />
        </a>
        <button
          class="sc-pNWxx diBcka"
        >
          Remove from
           favorites
        </button>
        <a
          class="sc-kEqYlL dOZYvC"
          href="/video/0L1sL54G45Q"
        >
          <h2
            class="sc-crzoUp hrKUm"
          >
            Shrek the Third (2007) - Damsels of Destruction Scene (8/10) | Movieclips
          </h2>
          <p
            class="sc-dIsAE xqXss"
          >
            Shrek the Third - Damsels of Destruction: The princesses break into the castle. BUY THE MOVIE: ...
          </p>
        </a>
      </div>
      <div
        class="sc-jrsJCI hISZqV"
      >
        <a
          class="sc-kEqYlL dOZYvC"
          href="/video/mFl8nzZuExE"
        >
          <img
            alt="Thumbnail, no description available"
            class="sc-iqAbSa dnQfbv"
            src="https://i.ytimg.com/vi/mFl8nzZuExE/mqdefault.jpg"
          />
        </a>
        <button
          class="sc-pNWxx diBcka"
        >
          Remove from
           favorites
        </button>
        <a
          class="sc-kEqYlL dOZYvC"
          href="/video/mFl8nzZuExE"
        >
          <h2
            class="sc-crzoUp hrKUm"
          >
            Shrek (2001) - Do You Know the Muffin Man? Scene (2/10) | Movieclips
          </h2>
          <p
            class="sc-dIsAE xqXss"
          >
            Shrek - Do You Know the Muffin Man?: Lord Farquad (John Lithgow) interrogates the Gingerbread Man (Conrad Vernon) as to the whereabouts of the other ...
          </p>
        </a>
      </div>
    </div>
  </div>
</div>
`;
