// Jest Snapshot v1, https://goo.gl/fbAQLP

exports[`Private renders when authenticated 1`] = `<div />`;
