// Jest Snapshot v1, https://goo.gl/fbAQLP

exports[`Private renders redirect when not authenticated 1`] = `<div />`;
