// Jest Snapshot v1, https://goo.gl/fbAQLP

exports[`AuthProvider Renders correctly 1`] = `
<p>
  Mock content
</p>
`;
